[0.000000] (-) TimerEvent: {}
[0.000153] (core) JobQueued: {'identifier': 'core', 'dependencies': OrderedDict()}
[0.000361] (core) JobStarted: {'identifier': 'core'}
[0.006016] (core) JobProgress: {'identifier': 'core', 'progress': 'cmake'}
[0.006349] (core) Command: {'cmd': ['/usr/bin/cmake', '/root/auto-sim/core_ws/src/core', '-DPython3_EXECUTABLE=/usr/bin/python3', '-DPYTHON_EXECUTABLE=/usr/bin/python3', '-DAMENT_CMAKE_SYMLINK_INSTALL=1', '-DCMAKE_INSTALL_PREFIX=/root/auto-sim/core_ws/install/core'], 'cwd': '/root/auto-sim/core_ws/build/core', 'env': OrderedDict([('ENABLE_ROS2_HEIGHT_MAP', '0'), ('TELEOP_USE_STDIN', '0'), ('HW_WHEEL_KP', '0.0'), ('CONDA_PROMPT_MODIFIER', '(base)'), ('ROS2_LIDAR_RATE', '5.0'), ('HOSTNAME', 'sanghyunryoo-Z890-Pro-A'), ('GIT_ASKPASS', '/root/.vscode-server/bin/17baf841131aa23349f217ca7c570c76ee87b957/extensions/git/dist/askpass.sh'), ('ENABLE_ROS2_ADAS_CAMERA', '1'), ('RUN_RVIZ2', '1'), ('OBS_PROJECTED_GRAVITY_SCALE', '1.0'), ('SHLVL', '4'), ('LD_LIBRARY_PATH', '/opt/ros/humble/opt/rviz_ogre_vendor/lib:/opt/ros/humble/lib/x86_64-linux-gnu:/opt/ros/humble/lib'), ('BROWSER', '/root/.vscode-server/bin/17baf841131aa23349f217ca7c570c76ee87b957/bin/helpers/browser.sh'), ('HOME', '/root'), ('CONDA_SHLVL', '1'), ('OLDPWD', '/root/auto-sim'), ('TERM_PROGRAM_VERSION', '1.99.3'), ('VSCODE_IPC_HOOK_CLI', '/tmp/vscode-ipc-337b6950-f8ca-4d52-8299-06d5e1a01c8f.sock'), ('HW_SHOULDER_KP', '35.0'), ('ROS_PYTHON_VERSION', '3'), ('VSCODE_GIT_ASKPASS_MAIN', '/root/.vscode-server/bin/17baf841131aa23349f217ca7c570c76ee87b957/extensions/git/dist/askpass-main.js'), ('ROS2_CAMERA_HEIGHT', '240'), ('VSCODE_GIT_ASKPASS_NODE', '/root/.vscode-server/bin/17baf841131aa23349f217ca7c570c76ee87b957/node'), ('LC_CTYPE', 'C.UTF-8'), ('PROJECT_ROOT', '/root/auto-sim'), ('COLORTERM', 'truecolor'), ('_CE_M', ''), ('PYTHONNOUSERSITE', '1'), ('REMOTE_CONTAINERS', 'true'), ('_CONDA_ROOT', '/root/miniconda3'), ('ENABLE_ROS2_LIDAR_IMU', '1'), ('SANITIZE_SCENE_MATERIALS', '1'), ('ROS_DISTRO', 'humble'), ('REMOTE_CONTAINERS_IPC', '/tmp/vscode-remote-containers-ipc-65531d75-a5bb-4fb8-a964-5d629c400509.sock'), ('_', '/usr/bin/colcon'), ('ROS_VERSION', '2'), ('NVIDIA_DRIVER_CAPABILITIES', 'all'), ('ROBOT_PATH_GT_TOPIC', '/path_gt'), ('TERM', 'xterm-256color'), ('_CE_CONDA', ''), ('ROS_LOCALHOST_ONLY', '0'), ('QT_X11_NO_MITSHM', '1'), ('PATH', '/usr/bin:/opt/ros/humble/bin:/usr/bin:/bin'), ('POLICY_ONNX_PATH', '/root/auto-sim/weights/example_policy.onnx'), ('REMOTE_CONTAINERS_SOCKETS', '["/tmp/vscode-ssh-auth-65531d75-a5bb-4fb8-a964-5d629c400509.sock","/root/.gnupg/S.gpg-agent"]'), ('DISPLAY', ':0'), ('ENABLE_ROS2_IMU', '1'), ('LANG', 'en_US.UTF-8'), ('ROS2_CAMERA_RATE', '30.0'), ('XAUTHORITY', '/tmp/.docker.xauth'), ('VSCODE_GIT_IPC_HANDLE', '/tmp/vscode-git-7b93fe8002.sock'), ('TERM_PROGRAM', 'vscode'), ('SSH_AUTH_SOCK', '/tmp/vscode-ssh-auth-65531d75-a5bb-4fb8-a964-5d629c400509.sock'), ('AMENT_PREFIX_PATH', '/opt/ros/humble'), ('OBS_JOINT_VEL_SCALE', '0.15'), ('SHELL', '/bin/bash'), ('HW_WHEEL_KD', '0.3'), ('ACCEPT_EULA', 'Y'), ('ACTION_WHEEL_SCALE', '40.0'), ('ROS2_IMU_RATE', '100.0'), ('OBS_CMD_VEL_YAW_SCALE', '0.25'), ('ROS2_CAMERA_WIDTH', '320'), ('_CONDA_EXE', '/root/miniconda3/bin/conda'), ('VSCODE_GIT_ASKPASS_EXTRA_ARGS', ''), ('PWD', '/root/auto-sim/core_ws/build/core'), ('OBS_CMD_VEL_X_SCALE', '2.0'), ('CONDA_EXE', '/root/miniconda3/bin/conda'), ('OBS_CMD_VEL_Y_SCALE', '0.0'), ('HW_SHOULDER_KD', '0.45'), ('PYTHONPATH', '/opt/ros/humble/local/lib/python3.10/dist-packages:/opt/ros/humble/lib/python3.10/site-packages'), ('OBS_BASE_ANG_VEL_SCALE', '0.25'), ('ENABLE_ROS2_LIDAR', '1'), ('COLCON', '1'), ('OBS_JOINT_POS_SCALE', '1.0'), ('ACTION_SHOULDER_SCALE', '0.25'), ('PRIVACY_CONSENT', 'Y'), ('ENABLE_ROS2_FRONT_CAMERA', '1'), ('CMAKE_PREFIX_PATH', '/opt/ros/humble')]), 'shell': False}
[0.071820] (core) StdoutLine: {'line': b'-- The C compiler identification is GNU 11.4.0\n'}
[0.099414] (-) TimerEvent: {}
[0.117926] (core) StdoutLine: {'line': b'-- The CXX compiler identification is GNU 11.4.0\n'}
[0.130929] (core) StdoutLine: {'line': b'-- Detecting C compiler ABI info\n'}
[0.187500] (core) StdoutLine: {'line': b'-- Detecting C compiler ABI info - done\n'}
[0.199612] (-) TimerEvent: {}
[0.203302] (core) StdoutLine: {'line': b'-- Check for working C compiler: /usr/bin/cc - skipped\n'}
[0.203724] (core) StdoutLine: {'line': b'-- Detecting C compile features\n'}
[0.204242] (core) StdoutLine: {'line': b'-- Detecting C compile features - done\n'}
[0.207318] (core) StdoutLine: {'line': b'-- Detecting CXX compiler ABI info\n'}
[0.290713] (core) StdoutLine: {'line': b'-- Detecting CXX compiler ABI info - done\n'}
[0.293900] (core) StdoutLine: {'line': b'-- Check for working CXX compiler: /usr/bin/c++ - skipped\n'}
[0.294184] (core) StdoutLine: {'line': b'-- Detecting CXX compile features\n'}
[0.294493] (core) StdoutLine: {'line': b'-- Detecting CXX compile features - done\n'}
[0.295917] (core) StdoutLine: {'line': b'-- Found ament_cmake: 1.3.14 (/opt/ros/humble/share/ament_cmake/cmake)\n'}
[0.299793] (-) TimerEvent: {}
[0.400015] (-) TimerEvent: {}
[0.405323] (core) StdoutLine: {'line': b'-- Found Python3: /usr/bin/python3 (found version "3.10.12") found components: Interpreter \n'}
[0.437264] (core) StdoutLine: {'line': b'-- Override CMake install command with custom implementation using symlinks instead of copying resources\n'}
[0.451230] (core) StdoutLine: {'line': b'-- Found nav_msgs: 4.9.1 (/opt/ros/humble/share/nav_msgs/cmake)\n'}
[0.464198] (core) StdoutLine: {'line': b'-- Found rosidl_generator_c: 3.1.9 (/opt/ros/humble/share/rosidl_generator_c/cmake)\n'}
[0.465942] (core) StdoutLine: {'line': b'-- Found rosidl_adapter: 3.1.9 (/opt/ros/humble/share/rosidl_adapter/cmake)\n'}
[0.469176] (core) StdoutLine: {'line': b'-- Found rosidl_generator_cpp: 3.1.9 (/opt/ros/humble/share/rosidl_generator_cpp/cmake)\n'}
[0.474321] (core) StdoutLine: {'line': b'-- Using all available rosidl_typesupport_c: rosidl_typesupport_fastrtps_c;rosidl_typesupport_introspection_c\n'}
[0.480412] (core) StdoutLine: {'line': b'-- Using all available rosidl_typesupport_cpp: rosidl_typesupport_fastrtps_cpp;rosidl_typesupport_introspection_cpp\n'}
[0.500190] (-) TimerEvent: {}
[0.505830] (core) StdoutLine: {'line': b'-- Found rosidl_default_generators: 1.2.1 (/opt/ros/humble/share/rosidl_default_generators/cmake)\n'}
[0.600277] (-) TimerEvent: {}
[0.667594] (core) StdoutLine: {'line': b'-- Found ament_cmake_ros: 0.10.0 (/opt/ros/humble/share/ament_cmake_ros/cmake)\n'}
[0.700452] (-) TimerEvent: {}
[0.800626] (-) TimerEvent: {}
[0.900851] (-) TimerEvent: {}
[0.926510] (core) StdoutLine: {'line': b'-- Using all available rosidl_typesupport_c: rosidl_typesupport_fastrtps_c;rosidl_typesupport_introspection_c\n'}
[1.000991] (-) TimerEvent: {}
[1.028913] (core) StdoutLine: {'line': b'-- Using all available rosidl_typesupport_cpp: rosidl_typesupport_fastrtps_cpp;rosidl_typesupport_introspection_cpp\n'}
[1.043711] (core) StdoutLine: {'line': b'-- Found PythonInterp: /usr/bin/python3 (found suitable version "3.10.12", minimum required is "3.6") \n'}
[1.045628] (core) StdoutLine: {'line': b'-- Found python_cmake_module: 0.10.0 (/opt/ros/humble/share/python_cmake_module/cmake)\n'}
[1.072331] (core) StdoutLine: {'line': b'-- Found PythonLibs: /usr/lib/x86_64-linux-gnu/libpython3.10.so (found suitable version "3.10.12", minimum required is "3.5") \n'}
[1.072467] (core) StdoutLine: {'line': b'-- Using PYTHON_EXECUTABLE: /usr/bin/python3\n'}
[1.072508] (core) StdoutLine: {'line': b'-- Using PYTHON_INCLUDE_DIRS: /usr/include/python3.10\n'}
[1.072542] (core) StdoutLine: {'line': b'-- Using PYTHON_LIBRARIES: /usr/lib/x86_64-linux-gnu/libpython3.10.so\n'}
[1.084729] (core) StdoutLine: {'line': b'-- Found PythonExtra: .so  \n'}
[1.101153] (-) TimerEvent: {}
[1.196762] (core) StdoutLine: {'line': b'-- Configuring done\n'}
[1.201300] (-) TimerEvent: {}
[1.215948] (core) StdoutLine: {'line': b'-- Generating done\n'}
[1.221084] (core) StdoutLine: {'line': b'-- Build files have been written to: /root/auto-sim/core_ws/build/core\n'}
[1.225519] (core) CommandEnded: {'returncode': 0}
[1.226136] (core) JobProgress: {'identifier': 'core', 'progress': 'build'}
[1.226550] (core) Command: {'cmd': ['/usr/bin/cmake', '--build', '/root/auto-sim/core_ws/build/core', '--', '-j14', '-l14'], 'cwd': '/root/auto-sim/core_ws/build/core', 'env': OrderedDict([('ENABLE_ROS2_HEIGHT_MAP', '0'), ('TELEOP_USE_STDIN', '0'), ('HW_WHEEL_KP', '0.0'), ('CONDA_PROMPT_MODIFIER', '(base)'), ('ROS2_LIDAR_RATE', '5.0'), ('HOSTNAME', 'sanghyunryoo-Z890-Pro-A'), ('GIT_ASKPASS', '/root/.vscode-server/bin/17baf841131aa23349f217ca7c570c76ee87b957/extensions/git/dist/askpass.sh'), ('ENABLE_ROS2_ADAS_CAMERA', '1'), ('RUN_RVIZ2', '1'), ('OBS_PROJECTED_GRAVITY_SCALE', '1.0'), ('SHLVL', '4'), ('LD_LIBRARY_PATH', '/opt/ros/humble/opt/rviz_ogre_vendor/lib:/opt/ros/humble/lib/x86_64-linux-gnu:/opt/ros/humble/lib'), ('BROWSER', '/root/.vscode-server/bin/17baf841131aa23349f217ca7c570c76ee87b957/bin/helpers/browser.sh'), ('HOME', '/root'), ('CONDA_SHLVL', '1'), ('OLDPWD', '/root/auto-sim'), ('TERM_PROGRAM_VERSION', '1.99.3'), ('VSCODE_IPC_HOOK_CLI', '/tmp/vscode-ipc-337b6950-f8ca-4d52-8299-06d5e1a01c8f.sock'), ('HW_SHOULDER_KP', '35.0'), ('ROS_PYTHON_VERSION', '3'), ('VSCODE_GIT_ASKPASS_MAIN', '/root/.vscode-server/bin/17baf841131aa23349f217ca7c570c76ee87b957/extensions/git/dist/askpass-main.js'), ('ROS2_CAMERA_HEIGHT', '240'), ('VSCODE_GIT_ASKPASS_NODE', '/root/.vscode-server/bin/17baf841131aa23349f217ca7c570c76ee87b957/node'), ('LC_CTYPE', 'C.UTF-8'), ('PROJECT_ROOT', '/root/auto-sim'), ('COLORTERM', 'truecolor'), ('_CE_M', ''), ('PYTHONNOUSERSITE', '1'), ('REMOTE_CONTAINERS', 'true'), ('_CONDA_ROOT', '/root/miniconda3'), ('ENABLE_ROS2_LIDAR_IMU', '1'), ('SANITIZE_SCENE_MATERIALS', '1'), ('ROS_DISTRO', 'humble'), ('REMOTE_CONTAINERS_IPC', '/tmp/vscode-remote-containers-ipc-65531d75-a5bb-4fb8-a964-5d629c400509.sock'), ('_', '/usr/bin/colcon'), ('ROS_VERSION', '2'), ('NVIDIA_DRIVER_CAPABILITIES', 'all'), ('ROBOT_PATH_GT_TOPIC', '/path_gt'), ('TERM', 'xterm-256color'), ('_CE_CONDA', ''), ('ROS_LOCALHOST_ONLY', '0'), ('QT_X11_NO_MITSHM', '1'), ('PATH', '/usr/bin:/opt/ros/humble/bin:/usr/bin:/bin'), ('POLICY_ONNX_PATH', '/root/auto-sim/weights/example_policy.onnx'), ('REMOTE_CONTAINERS_SOCKETS', '["/tmp/vscode-ssh-auth-65531d75-a5bb-4fb8-a964-5d629c400509.sock","/root/.gnupg/S.gpg-agent"]'), ('DISPLAY', ':0'), ('ENABLE_ROS2_IMU', '1'), ('LANG', 'en_US.UTF-8'), ('ROS2_CAMERA_RATE', '30.0'), ('XAUTHORITY', '/tmp/.docker.xauth'), ('VSCODE_GIT_IPC_HANDLE', '/tmp/vscode-git-7b93fe8002.sock'), ('TERM_PROGRAM', 'vscode'), ('SSH_AUTH_SOCK', '/tmp/vscode-ssh-auth-65531d75-a5bb-4fb8-a964-5d629c400509.sock'), ('AMENT_PREFIX_PATH', '/opt/ros/humble'), ('OBS_JOINT_VEL_SCALE', '0.15'), ('SHELL', '/bin/bash'), ('HW_WHEEL_KD', '0.3'), ('ACCEPT_EULA', 'Y'), ('ACTION_WHEEL_SCALE', '40.0'), ('ROS2_IMU_RATE', '100.0'), ('OBS_CMD_VEL_YAW_SCALE', '0.25'), ('ROS2_CAMERA_WIDTH', '320'), ('_CONDA_EXE', '/root/miniconda3/bin/conda'), ('VSCODE_GIT_ASKPASS_EXTRA_ARGS', ''), ('PWD', '/root/auto-sim/core_ws/build/core'), ('OBS_CMD_VEL_X_SCALE', '2.0'), ('CONDA_EXE', '/root/miniconda3/bin/conda'), ('OBS_CMD_VEL_Y_SCALE', '0.0'), ('HW_SHOULDER_KD', '0.45'), ('PYTHONPATH', '/opt/ros/humble/local/lib/python3.10/dist-packages:/opt/ros/humble/lib/python3.10/site-packages'), ('OBS_BASE_ANG_VEL_SCALE', '0.25'), ('ENABLE_ROS2_LIDAR', '1'), ('COLCON', '1'), ('OBS_JOINT_POS_SCALE', '1.0'), ('ACTION_SHOULDER_SCALE', '0.25'), ('PRIVACY_CONSENT', 'Y'), ('ENABLE_ROS2_FRONT_CAMERA', '1'), ('CMAKE_PREFIX_PATH', '/opt/ros/humble')]), 'shell': False}
[1.246973] (core) StdoutLine: {'line': b'[  2%] Generating C code for ROS interfaces\n'}
[1.251125] (core) StdoutLine: {'line': b'[  5%] Generating C++ code for ROS interfaces\n'}
[1.251586] (core) StdoutLine: {'line': b'[  7%] Generating Rust code for ROS interfaces\n'}
[1.254807] (core) StdoutLine: {'line': b'[  7%] Built target ament_cmake_python_symlink_core\n'}
[1.301446] (-) TimerEvent: {}
[1.366592] (core) StdoutLine: {'line': b'[  7%] Built target core__cpp\n'}
[1.367108] (core) StdoutLine: {'line': b'running egg_info\n'}
[1.367371] (core) StdoutLine: {'line': b'creating core.egg-info\n'}
[1.367437] (core) StdoutLine: {'line': b'writing core.egg-info/PKG-INFO\n'}
[1.367519] (core) StdoutLine: {'line': b'writing dependency_links to core.egg-info/dependency_links.txt\n'}
[1.367576] (core) StdoutLine: {'line': b'writing top-level names to core.egg-info/top_level.txt\n'}
[1.367753] (core) StdoutLine: {'line': b"writing manifest file 'core.egg-info/SOURCES.txt'\n"}
[1.368713] (core) StdoutLine: {'line': b"reading manifest file 'core.egg-info/SOURCES.txt'\n"}
[1.368868] (core) StdoutLine: {'line': b"writing manifest file 'core.egg-info/SOURCES.txt'\n"}
[1.369262] (core) StdoutLine: {'line': b'[  7%] Built target core__rs\n'}
[1.371261] (core) StdoutLine: {'line': b'[ 10%] Generating C++ type support for eProsima Fast-RTPS\n'}
[1.371499] (core) StdoutLine: {'line': b'[ 12%] Generating C++ type support dispatch for ROS interfaces\n'}
[1.372021] (core) StdoutLine: {'line': b'[ 15%] Generating C++ introspection for ROS interfaces\n'}
[1.388523] (core) StdoutLine: {'line': b'[ 15%] Built target ament_cmake_python_build_core_egg\n'}
[1.401548] (-) TimerEvent: {}
[1.402662] (core) StdoutLine: {'line': b'[ 17%] Building C object CMakeFiles/core__rosidl_generator_c.dir/rosidl_generator_c/core/msg/detail/event_user__functions.c.o\n'}
[1.403229] (core) StdoutLine: {'line': b'[ 20%] Building C object CMakeFiles/core__rosidl_generator_c.dir/rosidl_generator_c/core/msg/detail/command_user__functions.c.o\n'}
[1.436693] (core) StdoutLine: {'line': b'[ 22%] Linking C shared library libcore__rosidl_generator_c.so\n'}
[1.458249] (core) StdoutLine: {'line': b'[ 22%] Built target core__rosidl_generator_c\n'}
[1.464003] (core) StdoutLine: {'line': b'[ 30%] Generating C type support dispatch for ROS interfaces\n'}
[1.464111] (core) StdoutLine: {'line': b'[ 30%] Generating C type support for eProsima Fast-RTPS\n'}
[1.464141] (core) StdoutLine: {'line': b'[ 30%] Generating C introspection for ROS interfaces\n'}
[1.484698] (core) StdoutLine: {'line': b'[ 35%] Building CXX object CMakeFiles/core__rosidl_typesupport_cpp.dir/rosidl_typesupport_cpp/core/msg/event_user__type_support.cpp.o\n'}
[1.484823] (core) StdoutLine: {'line': b'[ 35%] Building CXX object CMakeFiles/core__rosidl_typesupport_cpp.dir/rosidl_typesupport_cpp/core/msg/command_user__type_support.cpp.o\n'}
[1.496610] (core) StdoutLine: {'line': b'[ 40%] Building CXX object CMakeFiles/core__rosidl_typesupport_fastrtps_cpp.dir/rosidl_typesupport_fastrtps_cpp/core/msg/detail/dds_fastrtps/command_user__type_support.cpp.o\n'}
[1.496736] (core) StdoutLine: {'line': b'[ 40%] Building CXX object CMakeFiles/core__rosidl_typesupport_introspection_cpp.dir/rosidl_typesupport_introspection_cpp/core/msg/detail/event_user__type_support.cpp.o\n'}
[1.499784] (core) StdoutLine: {'line': b'[ 42%] Building CXX object CMakeFiles/core__rosidl_typesupport_introspection_cpp.dir/rosidl_typesupport_introspection_cpp/core/msg/detail/command_user__type_support.cpp.o\n'}
[1.499898] (core) StdoutLine: {'line': b'[ 45%] Building CXX object CMakeFiles/core__rosidl_typesupport_fastrtps_cpp.dir/rosidl_typesupport_fastrtps_cpp/core/msg/detail/dds_fastrtps/event_user__type_support.cpp.o\n'}
[1.501617] (-) TimerEvent: {}
[1.584743] (core) StdoutLine: {'line': b'[ 50%] Building CXX object CMakeFiles/core__rosidl_typesupport_fastrtps_c.dir/rosidl_typesupport_fastrtps_c/core/msg/detail/command_user__type_support_c.cpp.o\n'}
[1.584868] (core) StdoutLine: {'line': b'[ 50%] Building CXX object CMakeFiles/core__rosidl_typesupport_fastrtps_c.dir/rosidl_typesupport_fastrtps_c/core/msg/detail/event_user__type_support_c.cpp.o\n'}
[1.601721] (-) TimerEvent: {}
[1.604397] (core) StdoutLine: {'line': b'[ 52%] Building CXX object CMakeFiles/core__rosidl_typesupport_c.dir/rosidl_typesupport_c/core/msg/event_user__type_support.cpp.o\n'}
[1.604524] (core) StdoutLine: {'line': b'[ 55%] Building CXX object CMakeFiles/core__rosidl_typesupport_c.dir/rosidl_typesupport_c/core/msg/command_user__type_support.cpp.o\n'}
[1.610709] (core) StdoutLine: {'line': b'[ 57%] Building C object CMakeFiles/core__rosidl_typesupport_introspection_c.dir/rosidl_typesupport_introspection_c/core/msg/detail/command_user__type_support.c.o\n'}
[1.611278] (core) StdoutLine: {'line': b'[ 60%] Building C object CMakeFiles/core__rosidl_typesupport_introspection_c.dir/rosidl_typesupport_introspection_c/core/msg/detail/event_user__type_support.c.o\n'}
[1.620721] (core) StdoutLine: {'line': b'[ 62%] Linking CXX shared library libcore__rosidl_typesupport_c.so\n'}
[1.633008] (core) StdoutLine: {'line': b'[ 65%] Linking C shared library libcore__rosidl_typesupport_introspection_c.so\n'}
[1.647318] (core) StdoutLine: {'line': b'[ 67%] Linking CXX shared library libcore__rosidl_typesupport_cpp.so\n'}
[1.647978] (core) StdoutLine: {'line': b'[ 67%] Built target core__rosidl_typesupport_c\n'}
[1.652320] (core) StdoutLine: {'line': b'[ 67%] Built target core__rosidl_typesupport_introspection_c\n'}
[1.678026] (core) StdoutLine: {'line': b'[ 67%] Built target core__rosidl_typesupport_cpp\n'}
[1.683027] (core) StdoutLine: {'line': b'[ 70%] Linking CXX shared library libcore__rosidl_typesupport_fastrtps_cpp.so\n'}
[1.701820] (-) TimerEvent: {}
[1.724555] (core) StdoutLine: {'line': b'[ 70%] Built target core__rosidl_typesupport_fastrtps_cpp\n'}
[1.729010] (core) StdoutLine: {'line': b'[ 72%] Linking CXX shared library libcore__rosidl_typesupport_introspection_cpp.so\n'}
[1.767370] (core) StdoutLine: {'line': b'[ 75%] Linking CXX shared library libcore__rosidl_typesupport_fastrtps_c.so\n'}
[1.770718] (core) StdoutLine: {'line': b'[ 75%] Built target core__rosidl_typesupport_introspection_cpp\n'}
[1.801916] (-) TimerEvent: {}
[1.812926] (core) StdoutLine: {'line': b'[ 75%] Built target core__rosidl_typesupport_fastrtps_c\n'}
[1.821845] (core) StdoutLine: {'line': b'[ 75%] Built target core\n'}
[1.831128] (core) StdoutLine: {'line': b'[ 77%] Generating Python code for ROS interfaces\n'}
[1.901995] (-) TimerEvent: {}
[2.002137] (-) TimerEvent: {}
[2.019131] (core) StdoutLine: {'line': b'[ 77%] Built target core__py\n'}
[2.032811] (core) StdoutLine: {'line': b'[ 80%] Building C object CMakeFiles/core__rosidl_generator_py.dir/rosidl_generator_py/core/msg/_command_user_s.c.o\n'}
[2.041568] (core) StdoutLine: {'line': b'[ 82%] Building C object CMakeFiles/core__rosidl_generator_py.dir/rosidl_generator_py/core/msg/_event_user_s.c.o\n'}
[2.102240] (-) TimerEvent: {}
[2.106485] (core) StdoutLine: {'line': b'[ 85%] Linking C shared library rosidl_generator_py/core/libcore__rosidl_generator_py.so\n'}
[2.133984] (core) StdoutLine: {'line': b'[ 85%] Built target core__rosidl_generator_py\n'}
[2.145270] (core) StdoutLine: {'line': b'[ 87%] Building C object CMakeFiles/core__rosidl_typesupport_introspection_c__pyext.dir/rosidl_generator_py/core/_core_s.ep.rosidl_typesupport_introspection_c.c.o\n'}
[2.150630] (core) StdoutLine: {'line': b'[ 90%] Building C object CMakeFiles/core__rosidl_typesupport_fastrtps_c__pyext.dir/rosidl_generator_py/core/_core_s.ep.rosidl_typesupport_fastrtps_c.c.o\n'}
[2.152971] (core) StdoutLine: {'line': b'[ 92%] Building C object CMakeFiles/core__rosidl_typesupport_c__pyext.dir/rosidl_generator_py/core/_core_s.ep.rosidl_typesupport_c.c.o\n'}
[2.202337] (-) TimerEvent: {}
[2.206683] (core) StdoutLine: {'line': b'[ 95%] Linking C shared library rosidl_generator_py/core/core_s__rosidl_typesupport_introspection_c.cpython-310-x86_64-linux-gnu.so\n'}
[2.211329] (core) StdoutLine: {'line': b'[ 97%] Linking C shared library rosidl_generator_py/core/core_s__rosidl_typesupport_c.cpython-310-x86_64-linux-gnu.so\n'}
[2.222610] (core) StdoutLine: {'line': b'[100%] Linking C shared library rosidl_generator_py/core/core_s__rosidl_typesupport_fastrtps_c.cpython-310-x86_64-linux-gnu.so\n'}
[2.236926] (core) StdoutLine: {'line': b'[100%] Built target core__rosidl_typesupport_c__pyext\n'}
[2.246377] (core) StdoutLine: {'line': b'[100%] Built target core__rosidl_typesupport_introspection_c__pyext\n'}
[2.247513] (core) StdoutLine: {'line': b'[100%] Built target core__rosidl_typesupport_fastrtps_c__pyext\n'}
[2.253144] (core) CommandEnded: {'returncode': 0}
[2.253486] (core) JobProgress: {'identifier': 'core', 'progress': 'install'}
[2.260188] (core) Command: {'cmd': ['/usr/bin/cmake', '--install', '/root/auto-sim/core_ws/build/core'], 'cwd': '/root/auto-sim/core_ws/build/core', 'env': OrderedDict([('ENABLE_ROS2_HEIGHT_MAP', '0'), ('TELEOP_USE_STDIN', '0'), ('HW_WHEEL_KP', '0.0'), ('CONDA_PROMPT_MODIFIER', '(base)'), ('ROS2_LIDAR_RATE', '5.0'), ('HOSTNAME', 'sanghyunryoo-Z890-Pro-A'), ('GIT_ASKPASS', '/root/.vscode-server/bin/17baf841131aa23349f217ca7c570c76ee87b957/extensions/git/dist/askpass.sh'), ('ENABLE_ROS2_ADAS_CAMERA', '1'), ('RUN_RVIZ2', '1'), ('OBS_PROJECTED_GRAVITY_SCALE', '1.0'), ('SHLVL', '4'), ('LD_LIBRARY_PATH', '/opt/ros/humble/opt/rviz_ogre_vendor/lib:/opt/ros/humble/lib/x86_64-linux-gnu:/opt/ros/humble/lib'), ('BROWSER', '/root/.vscode-server/bin/17baf841131aa23349f217ca7c570c76ee87b957/bin/helpers/browser.sh'), ('HOME', '/root'), ('CONDA_SHLVL', '1'), ('OLDPWD', '/root/auto-sim'), ('TERM_PROGRAM_VERSION', '1.99.3'), ('VSCODE_IPC_HOOK_CLI', '/tmp/vscode-ipc-337b6950-f8ca-4d52-8299-06d5e1a01c8f.sock'), ('HW_SHOULDER_KP', '35.0'), ('ROS_PYTHON_VERSION', '3'), ('VSCODE_GIT_ASKPASS_MAIN', '/root/.vscode-server/bin/17baf841131aa23349f217ca7c570c76ee87b957/extensions/git/dist/askpass-main.js'), ('ROS2_CAMERA_HEIGHT', '240'), ('VSCODE_GIT_ASKPASS_NODE', '/root/.vscode-server/bin/17baf841131aa23349f217ca7c570c76ee87b957/node'), ('LC_CTYPE', 'C.UTF-8'), ('PROJECT_ROOT', '/root/auto-sim'), ('COLORTERM', 'truecolor'), ('_CE_M', ''), ('PYTHONNOUSERSITE', '1'), ('REMOTE_CONTAINERS', 'true'), ('_CONDA_ROOT', '/root/miniconda3'), ('ENABLE_ROS2_LIDAR_IMU', '1'), ('SANITIZE_SCENE_MATERIALS', '1'), ('ROS_DISTRO', 'humble'), ('REMOTE_CONTAINERS_IPC', '/tmp/vscode-remote-containers-ipc-65531d75-a5bb-4fb8-a964-5d629c400509.sock'), ('_', '/usr/bin/colcon'), ('ROS_VERSION', '2'), ('NVIDIA_DRIVER_CAPABILITIES', 'all'), ('ROBOT_PATH_GT_TOPIC', '/path_gt'), ('TERM', 'xterm-256color'), ('_CE_CONDA', ''), ('ROS_LOCALHOST_ONLY', '0'), ('QT_X11_NO_MITSHM', '1'), ('PATH', '/usr/bin:/opt/ros/humble/bin:/usr/bin:/bin'), ('POLICY_ONNX_PATH', '/root/auto-sim/weights/example_policy.onnx'), ('REMOTE_CONTAINERS_SOCKETS', '["/tmp/vscode-ssh-auth-65531d75-a5bb-4fb8-a964-5d629c400509.sock","/root/.gnupg/S.gpg-agent"]'), ('DISPLAY', ':0'), ('ENABLE_ROS2_IMU', '1'), ('LANG', 'en_US.UTF-8'), ('ROS2_CAMERA_RATE', '30.0'), ('XAUTHORITY', '/tmp/.docker.xauth'), ('VSCODE_GIT_IPC_HANDLE', '/tmp/vscode-git-7b93fe8002.sock'), ('TERM_PROGRAM', 'vscode'), ('SSH_AUTH_SOCK', '/tmp/vscode-ssh-auth-65531d75-a5bb-4fb8-a964-5d629c400509.sock'), ('AMENT_PREFIX_PATH', '/opt/ros/humble'), ('OBS_JOINT_VEL_SCALE', '0.15'), ('SHELL', '/bin/bash'), ('HW_WHEEL_KD', '0.3'), ('ACCEPT_EULA', 'Y'), ('ACTION_WHEEL_SCALE', '40.0'), ('ROS2_IMU_RATE', '100.0'), ('OBS_CMD_VEL_YAW_SCALE', '0.25'), ('ROS2_CAMERA_WIDTH', '320'), ('_CONDA_EXE', '/root/miniconda3/bin/conda'), ('VSCODE_GIT_ASKPASS_EXTRA_ARGS', ''), ('PWD', '/root/auto-sim/core_ws/build/core'), ('OBS_CMD_VEL_X_SCALE', '2.0'), ('CONDA_EXE', '/root/miniconda3/bin/conda'), ('OBS_CMD_VEL_Y_SCALE', '0.0'), ('HW_SHOULDER_KD', '0.45'), ('PYTHONPATH', '/opt/ros/humble/local/lib/python3.10/dist-packages:/opt/ros/humble/lib/python3.10/site-packages'), ('OBS_BASE_ANG_VEL_SCALE', '0.25'), ('ENABLE_ROS2_LIDAR', '1'), ('COLCON', '1'), ('OBS_JOINT_POS_SCALE', '1.0'), ('ACTION_SHOULDER_SCALE', '0.25'), ('PRIVACY_CONSENT', 'Y'), ('ENABLE_ROS2_FRONT_CAMERA', '1'), ('CMAKE_PREFIX_PATH', '/opt/ros/humble')]), 'shell': False}
[2.265978] (core) StdoutLine: {'line': b'-- Install configuration: ""\n'}
[2.266647] (core) StdoutLine: {'line': b'-- Execute custom install script\n'}
[2.266915] (core) StdoutLine: {'line': b'-- Symlinking: /root/auto-sim/core_ws/install/core/share/ament_index/resource_index/rosidl_interfaces/core\n'}
[2.275973] (core) StdoutLine: {'line': b'-- Symlinking: /root/auto-sim/core_ws/install/core/include/core/core/msg/command_user.h\n'}
[2.287221] (core) StdoutLine: {'line': b'-- Symlinking: /root/auto-sim/core_ws/install/core/include/core/core/msg/detail/command_user__functions.h\n'}
[2.296574] (core) StdoutLine: {'line': b'-- Symlinking: /root/auto-sim/core_ws/install/core/include/core/core/msg/detail/command_user__struct.h\n'}
[2.302395] (-) TimerEvent: {}
[2.307190] (core) StdoutLine: {'line': b'-- Symlinking: /root/auto-sim/core_ws/install/core/include/core/core/msg/detail/command_user__type_support.h\n'}
[2.316531] (core) StdoutLine: {'line': b'-- Symlinking: /root/auto-sim/core_ws/install/core/include/core/core/msg/detail/event_user__functions.h\n'}
[2.326688] (core) StdoutLine: {'line': b'-- Symlinking: /root/auto-sim/core_ws/install/core/include/core/core/msg/detail/event_user__struct.h\n'}
[2.334790] (core) StdoutLine: {'line': b'-- Symlinking: /root/auto-sim/core_ws/install/core/include/core/core/msg/detail/event_user__type_support.h\n'}
[2.338698] (core) StdoutLine: {'line': b'-- Symlinking: /root/auto-sim/core_ws/install/core/include/core/core/msg/event_user.h\n'}
[2.350577] (core) StdoutLine: {'line': b'-- Symlinking: /root/auto-sim/core_ws/install/core/include/core/core/msg/rosidl_generator_c__visibility_control.h\n'}
[2.365014] (core) StdoutLine: {'line': b'-- Symlinking: /root/auto-sim/core_ws/install/core/share/core/environment/library_path.sh\n'}
[2.378816] (core) StdoutLine: {'line': b'-- Symlinking: /root/auto-sim/core_ws/install/core/share/core/environment/library_path.dsv\n'}
[2.391121] (core) StdoutLine: {'line': b'-- Symlinking: /root/auto-sim/core_ws/install/core/include/core/core/msg/detail/command_user__rosidl_typesupport_fastrtps_c.h\n'}
[2.398470] (core) StdoutLine: {'line': b'-- Symlinking: /root/auto-sim/core_ws/install/core/include/core/core/msg/detail/event_user__rosidl_typesupport_fastrtps_c.h\n'}
[2.402539] (-) TimerEvent: {}
[2.404963] (core) StdoutLine: {'line': b'-- Symlinking: /root/auto-sim/core_ws/install/core/include/core/core/msg/rosidl_typesupport_fastrtps_c__visibility_control.h\n'}
[2.411027] (core) StdoutLine: {'line': b'-- Symlinking: /root/auto-sim/core_ws/install/core/include/core/core/msg/command_user.hpp\n'}
[2.421008] (core) StdoutLine: {'line': b'-- Symlinking: /root/auto-sim/core_ws/install/core/include/core/core/msg/detail/command_user__builder.hpp\n'}
[2.435018] (core) StdoutLine: {'line': b'-- Symlinking: /root/auto-sim/core_ws/install/core/include/core/core/msg/detail/command_user__struct.hpp\n'}
[2.443256] (core) StdoutLine: {'line': b'-- Symlinking: /root/auto-sim/core_ws/install/core/include/core/core/msg/detail/command_user__traits.hpp\n'}
[2.448353] (core) StdoutLine: {'line': b'-- Symlinking: /root/auto-sim/core_ws/install/core/include/core/core/msg/detail/command_user__type_support.hpp\n'}
[2.451983] (core) StdoutLine: {'line': b'-- Symlinking: /root/auto-sim/core_ws/install/core/include/core/core/msg/detail/event_user__builder.hpp\n'}
[2.455658] (core) StdoutLine: {'line': b'-- Symlinking: /root/auto-sim/core_ws/install/core/include/core/core/msg/detail/event_user__struct.hpp\n'}
[2.459656] (core) StdoutLine: {'line': b'-- Symlinking: /root/auto-sim/core_ws/install/core/include/core/core/msg/detail/event_user__traits.hpp\n'}
[2.462984] (core) StdoutLine: {'line': b'-- Symlinking: /root/auto-sim/core_ws/install/core/include/core/core/msg/detail/event_user__type_support.hpp\n'}
[2.465893] (core) StdoutLine: {'line': b'-- Symlinking: /root/auto-sim/core_ws/install/core/include/core/core/msg/event_user.hpp\n'}
[2.469258] (core) StdoutLine: {'line': b'-- Symlinking: /root/auto-sim/core_ws/install/core/include/core/core/msg/rosidl_generator_cpp__visibility_control.hpp\n'}
[2.472467] (core) StdoutLine: {'line': b'-- Symlinking: /root/auto-sim/core_ws/install/core/include/core/core/msg/detail/command_user__rosidl_typesupport_fastrtps_cpp.hpp\n'}
[2.475407] (core) StdoutLine: {'line': b'-- Symlinking: /root/auto-sim/core_ws/install/core/include/core/core/msg/detail/event_user__rosidl_typesupport_fastrtps_cpp.hpp\n'}
[2.479600] (core) StdoutLine: {'line': b'-- Symlinking: /root/auto-sim/core_ws/install/core/include/core/core/msg/rosidl_typesupport_fastrtps_cpp__visibility_control.h\n'}
[2.483027] (core) StdoutLine: {'line': b'-- Symlinking: /root/auto-sim/core_ws/install/core/include/core/core/msg/detail/command_user__rosidl_typesupport_introspection_c.h\n'}
[2.486749] (core) StdoutLine: {'line': b'-- Symlinking: /root/auto-sim/core_ws/install/core/include/core/core/msg/detail/event_user__rosidl_typesupport_introspection_c.h\n'}
[2.490299] (core) StdoutLine: {'line': b'-- Symlinking: /root/auto-sim/core_ws/install/core/include/core/core/msg/rosidl_typesupport_introspection_c__visibility_control.h\n'}
[2.493605] (core) StdoutLine: {'line': b'-- Symlinking: /root/auto-sim/core_ws/install/core/include/core/core/msg/detail/command_user__rosidl_typesupport_introspection_cpp.hpp\n'}
[2.497769] (core) StdoutLine: {'line': b'-- Symlinking: /root/auto-sim/core_ws/install/core/include/core/core/msg/detail/event_user__rosidl_typesupport_introspection_cpp.hpp\n'}
[2.501863] (core) StdoutLine: {'line': b'-- Symlinking: /root/auto-sim/core_ws/install/core/share/core/environment/pythonpath.sh\n'}
[2.502694] (-) TimerEvent: {}
[2.505754] (core) StdoutLine: {'line': b'-- Symlinking: /root/auto-sim/core_ws/install/core/share/core/environment/pythonpath.dsv\n'}
[2.512734] (core) StdoutLine: {'line': b'-- Symlinking: /root/auto-sim/core_ws/install/core/local/lib/python3.10/dist-packages/core-0.0.0-py3.10.egg-info/PKG-INFO\n'}
[2.516804] (core) StdoutLine: {'line': b'-- Symlinking: /root/auto-sim/core_ws/install/core/local/lib/python3.10/dist-packages/core-0.0.0-py3.10.egg-info/SOURCES.txt\n'}
[2.521002] (core) StdoutLine: {'line': b'-- Symlinking: /root/auto-sim/core_ws/install/core/local/lib/python3.10/dist-packages/core-0.0.0-py3.10.egg-info/dependency_links.txt\n'}
[2.525970] (core) StdoutLine: {'line': b'-- Symlinking: /root/auto-sim/core_ws/install/core/local/lib/python3.10/dist-packages/core-0.0.0-py3.10.egg-info/top_level.txt\n'}
[2.541355] (core) StdoutLine: {'line': b'-- Symlinking: /root/auto-sim/core_ws/install/core/local/lib/python3.10/dist-packages/core/__init__.py\n'}
[2.545823] (core) StdoutLine: {'line': b'-- Symlinking: /root/auto-sim/core_ws/install/core/local/lib/python3.10/dist-packages/core/_core_s.ep.rosidl_typesupport_c.c\n'}
[2.550248] (core) StdoutLine: {'line': b'-- Symlinking: /root/auto-sim/core_ws/install/core/local/lib/python3.10/dist-packages/core/_core_s.ep.rosidl_typesupport_fastrtps_c.c\n'}
[2.563286] (core) StdoutLine: {'line': b'-- Symlinking: /root/auto-sim/core_ws/install/core/local/lib/python3.10/dist-packages/core/_core_s.ep.rosidl_typesupport_introspection_c.c\n'}
[2.570695] (core) StdoutLine: {'line': b'-- Symlinking: /root/auto-sim/core_ws/install/core/local/lib/python3.10/dist-packages/core/core_s__rosidl_typesupport_c.cpython-310-x86_64-linux-gnu.so\n'}
[2.577052] (core) StdoutLine: {'line': b'-- Symlinking: /root/auto-sim/core_ws/install/core/local/lib/python3.10/dist-packages/core/core_s__rosidl_typesupport_fastrtps_c.cpython-310-x86_64-linux-gnu.so\n'}
[2.588866] (core) StdoutLine: {'line': b'-- Symlinking: /root/auto-sim/core_ws/install/core/local/lib/python3.10/dist-packages/core/core_s__rosidl_typesupport_introspection_c.cpython-310-x86_64-linux-gnu.so\n'}
[2.602859] (-) TimerEvent: {}
[2.603027] (core) StdoutLine: {'line': b'-- Symlinking: /root/auto-sim/core_ws/install/core/local/lib/python3.10/dist-packages/core/libcore__rosidl_generator_py.so\n'}
[2.616208] (core) StdoutLine: {'line': b'-- Symlinking: /root/auto-sim/core_ws/install/core/local/lib/python3.10/dist-packages/core/msg/__init__.py\n'}
[2.629017] (core) StdoutLine: {'line': b'-- Symlinking: /root/auto-sim/core_ws/install/core/local/lib/python3.10/dist-packages/core/msg/_command_user.py\n'}
[2.640649] (core) StdoutLine: {'line': b'-- Symlinking: /root/auto-sim/core_ws/install/core/local/lib/python3.10/dist-packages/core/msg/_command_user_s.c\n'}
[2.653013] (core) StdoutLine: {'line': b'-- Symlinking: /root/auto-sim/core_ws/install/core/local/lib/python3.10/dist-packages/core/msg/_event_user.py\n'}
[2.665373] (core) StdoutLine: {'line': b'-- Symlinking: /root/auto-sim/core_ws/install/core/local/lib/python3.10/dist-packages/core/msg/_event_user_s.c\n'}
[2.677398] (core) StdoutLine: {'line': b'-- Up-to-date symlink: /root/auto-sim/core_ws/install/core/local/lib/python3.10/dist-packages/core/core_s__rosidl_typesupport_fastrtps_c.cpython-310-x86_64-linux-gnu.so\n'}
[2.677522] (core) StdoutLine: {'line': b'-- Up-to-date symlink: /root/auto-sim/core_ws/install/core/local/lib/python3.10/dist-packages/core/core_s__rosidl_typesupport_introspection_c.cpython-310-x86_64-linux-gnu.so\n'}
[2.677555] (core) StdoutLine: {'line': b'-- Up-to-date symlink: /root/auto-sim/core_ws/install/core/local/lib/python3.10/dist-packages/core/core_s__rosidl_typesupport_c.cpython-310-x86_64-linux-gnu.so\n'}
[2.677751] (core) StdoutLine: {'line': b'-- Symlinking: /root/auto-sim/core_ws/install/core/share/ament_index/resource_index/rust_packages/core\n'}
[2.688896] (core) StdoutLine: {'line': b'-- Symlinking: /root/auto-sim/core_ws/install/core/share/core/rust/Cargo.toml\n'}
[2.697990] (core) StdoutLine: {'line': b'-- Symlinking: /root/auto-sim/core_ws/install/core/share/core/rust/build.rs\n'}
[2.701584] (core) StdoutLine: {'line': b'-- Symlinking: /root/auto-sim/core_ws/install/core/share/core/rust/src/lib.rs\n'}
[2.702939] (-) TimerEvent: {}
[2.712912] (core) StdoutLine: {'line': b'-- Symlinking: /root/auto-sim/core_ws/install/core/share/core/rust/src/msg.rs\n'}
[2.716718] (core) StdoutLine: {'line': b'-- Symlinking: /root/auto-sim/core_ws/install/core/share/core/rust/src/msg/rmw.rs\n'}
[2.730514] (core) StdoutLine: {'line': b'-- Symlinking: /root/auto-sim/core_ws/install/core/share/core/msg/EventUser.idl\n'}
[2.734507] (core) StdoutLine: {'line': b'-- Symlinking: /root/auto-sim/core_ws/install/core/share/core/msg/CommandUser.idl\n'}
[2.738217] (core) StdoutLine: {'line': b'-- Symlinking: /root/auto-sim/core_ws/install/core/share/core/msg/EventUser.msg\n'}
[2.752330] (core) StdoutLine: {'line': b'-- Symlinking: /root/auto-sim/core_ws/install/core/share/core/msg/CommandUser.msg\n'}
[2.756370] (core) StdoutLine: {'line': b'-- Symlinking: /root/auto-sim/core_ws/install/core/share/ament_index/resource_index/package_run_dependencies/core\n'}
[2.770601] (core) StdoutLine: {'line': b'-- Symlinking: /root/auto-sim/core_ws/install/core/share/ament_index/resource_index/parent_prefix_path/core\n'}
[2.784234] (core) StdoutLine: {'line': b'-- Symlinking: /root/auto-sim/core_ws/install/core/share/core/environment/ament_prefix_path.sh\n'}
[2.788196] (core) StdoutLine: {'line': b'-- Symlinking: /root/auto-sim/core_ws/install/core/share/core/environment/ament_prefix_path.dsv\n'}
[2.794998] (core) StdoutLine: {'line': b'-- Symlinking: /root/auto-sim/core_ws/install/core/share/core/environment/path.sh\n'}
[2.799470] (core) StdoutLine: {'line': b'-- Symlinking: /root/auto-sim/core_ws/install/core/share/core/environment/path.dsv\n'}
[2.803009] (-) TimerEvent: {}
[2.804955] (core) StdoutLine: {'line': b'-- Symlinking: /root/auto-sim/core_ws/install/core/share/core/local_setup.bash\n'}
[2.809267] (core) StdoutLine: {'line': b'-- Symlinking: /root/auto-sim/core_ws/install/core/share/core/local_setup.sh\n'}
[2.816049] (core) StdoutLine: {'line': b'-- Symlinking: /root/auto-sim/core_ws/install/core/share/core/local_setup.zsh\n'}
[2.819981] (core) StdoutLine: {'line': b'-- Symlinking: /root/auto-sim/core_ws/install/core/share/core/local_setup.dsv\n'}
[2.832801] (core) StdoutLine: {'line': b'-- Symlinking: /root/auto-sim/core_ws/install/core/share/core/package.dsv\n'}
[2.845639] (core) StdoutLine: {'line': b'-- Symlinking: /root/auto-sim/core_ws/install/core/share/ament_index/resource_index/packages/core\n'}
[2.849964] (core) StdoutLine: {'line': b'-- Symlinking: /root/auto-sim/core_ws/install/core/share/core/cmake/rosidl_cmake-extras.cmake\n'}
[2.863657] (core) StdoutLine: {'line': b'-- Symlinking: /root/auto-sim/core_ws/install/core/share/core/cmake/ament_cmake_export_dependencies-extras.cmake\n'}
[2.867601] (core) StdoutLine: {'line': b'-- Symlinking: /root/auto-sim/core_ws/install/core/share/core/cmake/ament_cmake_export_include_directories-extras.cmake\n'}
[2.871667] (core) StdoutLine: {'line': b'-- Symlinking: /root/auto-sim/core_ws/install/core/share/core/cmake/ament_cmake_export_libraries-extras.cmake\n'}
[2.875280] (core) StdoutLine: {'line': b'-- Symlinking: /root/auto-sim/core_ws/install/core/share/core/cmake/ament_cmake_export_targets-extras.cmake\n'}
[2.878945] (core) StdoutLine: {'line': b'-- Symlinking: /root/auto-sim/core_ws/install/core/share/core/cmake/rosidl_cmake_export_typesupport_targets-extras.cmake\n'}
[2.892205] (core) StdoutLine: {'line': b'-- Symlinking: /root/auto-sim/core_ws/install/core/share/core/cmake/rosidl_cmake_export_typesupport_libraries-extras.cmake\n'}
[2.903190] (-) TimerEvent: {}
[2.904637] (core) StdoutLine: {'line': b'-- Symlinking: /root/auto-sim/core_ws/install/core/share/core/cmake/rosidl_cmake_aggregate_target-extras.cmake\n'}
[2.908642] (core) StdoutLine: {'line': b'-- Symlinking: /root/auto-sim/core_ws/install/core/share/core/cmake/coreConfig.cmake\n'}
[2.917926] (core) StdoutLine: {'line': b'-- Symlinking: /root/auto-sim/core_ws/install/core/share/core/cmake/coreConfig-version.cmake\n'}
[2.926845] (core) StdoutLine: {'line': b'-- Symlinking: /root/auto-sim/core_ws/install/core/share/core/package.xml\n'}
[2.934696] (core) StdoutLine: {'line': b'-- Installing: /root/auto-sim/core_ws/install/core/lib/libcore__rosidl_generator_c.so\n'}
[2.935199] (core) StdoutLine: {'line': b'-- Set runtime path of "/root/auto-sim/core_ws/install/core/lib/libcore__rosidl_generator_c.so" to ""\n'}
[2.935256] (core) StdoutLine: {'line': b'-- Installing: /root/auto-sim/core_ws/install/core/lib/libcore__rosidl_typesupport_fastrtps_c.so\n'}
[2.935699] (core) StdoutLine: {'line': b'-- Set runtime path of "/root/auto-sim/core_ws/install/core/lib/libcore__rosidl_typesupport_fastrtps_c.so" to ""\n'}
[2.935754] (core) StdoutLine: {'line': b'-- Installing: /root/auto-sim/core_ws/install/core/lib/libcore__rosidl_typesupport_fastrtps_cpp.so\n'}
[2.936159] (core) StdoutLine: {'line': b'-- Set runtime path of "/root/auto-sim/core_ws/install/core/lib/libcore__rosidl_typesupport_fastrtps_cpp.so" to ""\n'}
[2.936214] (core) StdoutLine: {'line': b'-- Installing: /root/auto-sim/core_ws/install/core/lib/libcore__rosidl_typesupport_introspection_c.so\n'}
[2.936557] (core) StdoutLine: {'line': b'-- Set runtime path of "/root/auto-sim/core_ws/install/core/lib/libcore__rosidl_typesupport_introspection_c.so" to ""\n'}
[2.936612] (core) StdoutLine: {'line': b'-- Installing: /root/auto-sim/core_ws/install/core/lib/libcore__rosidl_typesupport_c.so\n'}
[2.936959] (core) StdoutLine: {'line': b'-- Set runtime path of "/root/auto-sim/core_ws/install/core/lib/libcore__rosidl_typesupport_c.so" to ""\n'}
[2.937016] (core) StdoutLine: {'line': b'-- Installing: /root/auto-sim/core_ws/install/core/lib/libcore__rosidl_typesupport_introspection_cpp.so\n'}
[2.937395] (core) StdoutLine: {'line': b'-- Set runtime path of "/root/auto-sim/core_ws/install/core/lib/libcore__rosidl_typesupport_introspection_cpp.so" to ""\n'}
[2.937451] (core) StdoutLine: {'line': b'-- Installing: /root/auto-sim/core_ws/install/core/lib/libcore__rosidl_typesupport_cpp.so\n'}
[2.937701] (core) StdoutLine: {'line': b'-- Set runtime path of "/root/auto-sim/core_ws/install/core/lib/libcore__rosidl_typesupport_cpp.so" to ""\n'}
[2.963637] (core) StdoutLine: {'line': b"Listing '/root/auto-sim/core_ws/install/core/local/lib/python3.10/dist-packages/core'...\n"}
[2.963725] (core) StdoutLine: {'line': b"Compiling '/root/auto-sim/core_ws/install/core/local/lib/python3.10/dist-packages/core/__init__.py'...\n"}
[2.963756] (core) StdoutLine: {'line': b"Listing '/root/auto-sim/core_ws/install/core/local/lib/python3.10/dist-packages/core/msg'...\n"}
[2.963783] (core) StdoutLine: {'line': b"Compiling '/root/auto-sim/core_ws/install/core/local/lib/python3.10/dist-packages/core/msg/__init__.py'...\n"}
[2.963809] (core) StdoutLine: {'line': b"Compiling '/root/auto-sim/core_ws/install/core/local/lib/python3.10/dist-packages/core/msg/_command_user.py'...\n"}
[2.963834] (core) StdoutLine: {'line': b"Compiling '/root/auto-sim/core_ws/install/core/local/lib/python3.10/dist-packages/core/msg/_event_user.py'...\n"}
[2.965602] (core) StdoutLine: {'line': b'-- Installing: /root/auto-sim/core_ws/install/core/lib/libcore__rosidl_generator_py.so\n'}
[2.965704] (core) StdoutLine: {'line': b'-- Set runtime path of "/root/auto-sim/core_ws/install/core/lib/libcore__rosidl_generator_py.so" to ""\n'}
[2.965738] (core) StdoutLine: {'line': b'-- Installing: /root/auto-sim/core_ws/install/core/share/core/cmake/export_core__rosidl_generator_cExport.cmake\n'}
[2.965797] (core) StdoutLine: {'line': b'-- Installing: /root/auto-sim/core_ws/install/core/share/core/cmake/export_core__rosidl_generator_cExport-noconfig.cmake\n'}
[2.965826] (core) StdoutLine: {'line': b'-- Installing: /root/auto-sim/core_ws/install/core/share/core/cmake/export_core__rosidl_typesupport_fastrtps_cExport.cmake\n'}
[2.965878] (core) StdoutLine: {'line': b'-- Installing: /root/auto-sim/core_ws/install/core/share/core/cmake/export_core__rosidl_typesupport_fastrtps_cExport-noconfig.cmake\n'}
[2.965907] (core) StdoutLine: {'line': b'-- Installing: /root/auto-sim/core_ws/install/core/share/core/cmake/export_core__rosidl_generator_cppExport.cmake\n'}
[2.965958] (core) StdoutLine: {'line': b'-- Installing: /root/auto-sim/core_ws/install/core/share/core/cmake/export_core__rosidl_typesupport_fastrtps_cppExport.cmake\n'}
[2.965992] (core) StdoutLine: {'line': b'-- Installing: /root/auto-sim/core_ws/install/core/share/core/cmake/export_core__rosidl_typesupport_fastrtps_cppExport-noconfig.cmake\n'}
[2.966043] (core) StdoutLine: {'line': b'-- Installing: /root/auto-sim/core_ws/install/core/share/core/cmake/core__rosidl_typesupport_introspection_cExport.cmake\n'}
[2.966071] (core) StdoutLine: {'line': b'-- Installing: /root/auto-sim/core_ws/install/core/share/core/cmake/core__rosidl_typesupport_introspection_cExport-noconfig.cmake\n'}
[2.966132] (core) StdoutLine: {'line': b'-- Installing: /root/auto-sim/core_ws/install/core/share/core/cmake/core__rosidl_typesupport_cExport.cmake\n'}
[2.966161] (core) StdoutLine: {'line': b'-- Installing: /root/auto-sim/core_ws/install/core/share/core/cmake/core__rosidl_typesupport_cExport-noconfig.cmake\n'}
[2.966212] (core) StdoutLine: {'line': b'-- Installing: /root/auto-sim/core_ws/install/core/share/core/cmake/core__rosidl_typesupport_introspection_cppExport.cmake\n'}
[2.966241] (core) StdoutLine: {'line': b'-- Installing: /root/auto-sim/core_ws/install/core/share/core/cmake/core__rosidl_typesupport_introspection_cppExport-noconfig.cmake\n'}
[2.966304] (core) StdoutLine: {'line': b'-- Installing: /root/auto-sim/core_ws/install/core/share/core/cmake/core__rosidl_typesupport_cppExport.cmake\n'}
[2.966333] (core) StdoutLine: {'line': b'-- Installing: /root/auto-sim/core_ws/install/core/share/core/cmake/core__rosidl_typesupport_cppExport-noconfig.cmake\n'}
[2.966392] (core) StdoutLine: {'line': b'-- Installing: /root/auto-sim/core_ws/install/core/share/core/cmake/export_core__rosidl_generator_pyExport.cmake\n'}
[2.966420] (core) StdoutLine: {'line': b'-- Installing: /root/auto-sim/core_ws/install/core/share/core/cmake/export_core__rosidl_generator_pyExport-noconfig.cmake\n'}
[2.968081] (core) CommandEnded: {'returncode': 0}
[2.977490] (core) JobEnded: {'identifier': 'core', 'rc': 0}
[2.977871] (-) EventReactorShutdown: {}
