[0.051s] DEBUG:colcon:Command line arguments: ['/usr/bin/colcon', 'build', '--base-paths', '/root/auto-sim/core_ws/src', '--packages-select', 'core', '--symlink-install', '--cmake-clean-cache', '--cmake-args', '-DPython3_EXECUTABLE=/usr/bin/python3', '-DPYTHON_EXECUTABLE=/usr/bin/python3']
[0.051s] DEBUG:colcon:Parsed command line arguments: Namespace(log_base=None, log_level=None, verb_name='build', build_base='build', install_base='install', merge_install=False, symlink_install=True, test_result_base=None, continue_on_error=False, executor='parallel', parallel_workers=14, event_handlers=None, ignore_user_meta=False, metas=['./colcon.meta'], base_paths=['/root/auto-sim/core_ws/src'], packages_ignore=None, packages_ignore_regex=None, paths=None, packages_up_to=None, packages_up_to_regex=None, packages_above=None, packages_above_and_dependencies=None, packages_above_depth=None, packages_select_by_dep=None, packages_skip_by_dep=None, packages_skip_up_to=None, packages_select_build_failed=False, packages_skip_build_finished=False, packages_select_test_failures=False, packages_skip_test_passed=False, packages_select=['core'], packages_skip=None, packages_select_regex=None, packages_skip_regex=None, packages_start=None, packages_end=None, allow_overriding=[], cmake_args=['-DPython3_EXECUTABLE=/usr/bin/python3', '-DPYTHON_EXECUTABLE=/usr/bin/python3'], cmake_target=None, cmake_target_skip_unavailable=False, cmake_clean_cache=True, cmake_clean_first=False, cmake_force_configure=False, ament_cmake_args=None, catkin_cmake_args=None, catkin_skip_building_tests=False, verb_parser=<colcon_defaults.argument_parser.defaults.DefaultArgumentsDecorator object at 0x7f86cdd5a9b0>, verb_extension=<colcon_core.verb.build.BuildVerb object at 0x7f86cdd5a0b0>, main=<bound method BuildVerb.main of <colcon_core.verb.build.BuildVerb object at 0x7f86cdd5a0b0>>)
[0.120s] Level 1:colcon.colcon_core.package_discovery:discover_packages(colcon_meta) check parameters
[0.120s] Level 1:colcon.colcon_core.package_discovery:discover_packages(recursive) check parameters
[0.121s] Level 1:colcon.colcon_core.package_discovery:discover_packages(ignore) check parameters
[0.121s] Level 1:colcon.colcon_core.package_discovery:discover_packages(path) check parameters
[0.121s] Level 1:colcon.colcon_core.package_discovery:discover_packages(recursive) discover
[0.121s] INFO:colcon.colcon_core.package_discovery:Crawling recursively for packages in '/root/auto-sim/core_ws/src'
[0.121s] Level 1:colcon.colcon_core.package_identification:_identify(/root/auto-sim/core_ws/src) by extensions ['ignore', 'ignore_ament_install']
[0.121s] Level 1:colcon.colcon_core.package_identification:_identify(/root/auto-sim/core_ws/src) by extension 'ignore'
[0.121s] Level 1:colcon.colcon_core.package_identification:_identify(/root/auto-sim/core_ws/src) by extension 'ignore_ament_install'
[0.121s] Level 1:colcon.colcon_core.package_identification:_identify(/root/auto-sim/core_ws/src) by extensions ['colcon_pkg']
[0.121s] Level 1:colcon.colcon_core.package_identification:_identify(/root/auto-sim/core_ws/src) by extension 'colcon_pkg'
[0.121s] Level 1:colcon.colcon_core.package_identification:_identify(/root/auto-sim/core_ws/src) by extensions ['colcon_meta']
[0.121s] Level 1:colcon.colcon_core.package_identification:_identify(/root/auto-sim/core_ws/src) by extension 'colcon_meta'
[0.121s] Level 1:colcon.colcon_core.package_identification:_identify(/root/auto-sim/core_ws/src) by extensions ['ros']
[0.121s] Level 1:colcon.colcon_core.package_identification:_identify(/root/auto-sim/core_ws/src) by extension 'ros'
[0.127s] Level 1:colcon.colcon_core.package_identification:_identify(/root/auto-sim/core_ws/src) by extensions ['cmake', 'python']
[0.127s] Level 1:colcon.colcon_core.package_identification:_identify(/root/auto-sim/core_ws/src) by extension 'cmake'
[0.127s] Level 1:colcon.colcon_core.package_identification:_identify(/root/auto-sim/core_ws/src) by extension 'python'
[0.127s] Level 1:colcon.colcon_core.package_identification:_identify(/root/auto-sim/core_ws/src) by extensions ['python_setup_py']
[0.127s] Level 1:colcon.colcon_core.package_identification:_identify(/root/auto-sim/core_ws/src) by extension 'python_setup_py'
[0.127s] Level 1:colcon.colcon_core.package_identification:_identify(/root/auto-sim/core_ws/src/core) by extensions ['ignore', 'ignore_ament_install']
[0.127s] Level 1:colcon.colcon_core.package_identification:_identify(/root/auto-sim/core_ws/src/core) by extension 'ignore'
[0.127s] Level 1:colcon.colcon_core.package_identification:_identify(/root/auto-sim/core_ws/src/core) by extension 'ignore_ament_install'
[0.128s] Level 1:colcon.colcon_core.package_identification:_identify(/root/auto-sim/core_ws/src/core) by extensions ['colcon_pkg']
[0.128s] Level 1:colcon.colcon_core.package_identification:_identify(/root/auto-sim/core_ws/src/core) by extension 'colcon_pkg'
[0.128s] Level 1:colcon.colcon_core.package_identification:_identify(/root/auto-sim/core_ws/src/core) by extensions ['colcon_meta']
[0.128s] Level 1:colcon.colcon_core.package_identification:_identify(/root/auto-sim/core_ws/src/core) by extension 'colcon_meta'
[0.128s] Level 1:colcon.colcon_core.package_identification:_identify(/root/auto-sim/core_ws/src/core) by extensions ['ros']
[0.128s] Level 1:colcon.colcon_core.package_identification:_identify(/root/auto-sim/core_ws/src/core) by extension 'ros'
[0.129s] DEBUG:colcon.colcon_core.package_identification:Package '/root/auto-sim/core_ws/src/core' with type 'ros.ament_cmake' and name 'core'
[0.129s] Level 1:colcon.colcon_core.package_discovery:discover_packages(recursive) using defaults
[0.140s] Level 1:colcon.colcon_core.package_discovery:discover_packages(prefix_path) check parameters
[0.140s] Level 1:colcon.colcon_core.package_discovery:discover_packages(prefix_path) discover
[0.142s] DEBUG:colcon.colcon_installed_package_information.package_discovery:Found 273 installed packages in /opt/ros/humble
[0.142s] Level 1:colcon.colcon_core.package_discovery:discover_packages(prefix_path) using defaults
[0.167s] Level 5:colcon.colcon_core.verb:set package 'core' build argument 'cmake_args' from command line to '['-DPython3_EXECUTABLE=/usr/bin/python3', '-DPYTHON_EXECUTABLE=/usr/bin/python3']'
[0.167s] Level 5:colcon.colcon_core.verb:set package 'core' build argument 'cmake_target' from command line to 'None'
[0.167s] Level 5:colcon.colcon_core.verb:set package 'core' build argument 'cmake_target_skip_unavailable' from command line to 'False'
[0.167s] Level 5:colcon.colcon_core.verb:set package 'core' build argument 'cmake_clean_cache' from command line to 'True'
[0.167s] Level 5:colcon.colcon_core.verb:set package 'core' build argument 'cmake_clean_first' from command line to 'False'
[0.167s] Level 5:colcon.colcon_core.verb:set package 'core' build argument 'cmake_force_configure' from command line to 'False'
[0.167s] Level 5:colcon.colcon_core.verb:set package 'core' build argument 'ament_cmake_args' from command line to 'None'
[0.167s] Level 5:colcon.colcon_core.verb:set package 'core' build argument 'catkin_cmake_args' from command line to 'None'
[0.167s] Level 5:colcon.colcon_core.verb:set package 'core' build argument 'catkin_skip_building_tests' from command line to 'False'
[0.168s] DEBUG:colcon.colcon_core.verb:Building package 'core' with the following arguments: {'ament_cmake_args': None, 'build_base': '/root/auto-sim/core_ws/build/core', 'catkin_cmake_args': None, 'catkin_skip_building_tests': False, 'cmake_args': ['-DPython3_EXECUTABLE=/usr/bin/python3', '-DPYTHON_EXECUTABLE=/usr/bin/python3'], 'cmake_clean_cache': True, 'cmake_clean_first': False, 'cmake_force_configure': False, 'cmake_target': None, 'cmake_target_skip_unavailable': False, 'install_base': '/root/auto-sim/core_ws/install/core', 'merge_install': False, 'path': '/root/auto-sim/core_ws/src/core', 'symlink_install': True, 'test_result_base': None}
[0.168s] INFO:colcon.colcon_core.executor:Executing jobs using 'parallel' executor
[0.168s] DEBUG:colcon.colcon_parallel_executor.executor.parallel:run_until_complete
[0.168s] INFO:colcon.colcon_ros.task.ament_cmake.build:Building ROS package in '/root/auto-sim/core_ws/src/core' with build type 'ament_cmake'
[0.169s] INFO:colcon.colcon_cmake.task.cmake.build:Building CMake package in '/root/auto-sim/core_ws/src/core'
[0.170s] INFO:colcon.colcon_core.plugin_system:Skipping extension 'colcon_core.shell.bat': Not used on non-Windows systems
[0.170s] INFO:colcon.colcon_core.shell:Skip shell extension 'powershell' for command environment: Not usable outside of PowerShell
[0.170s] DEBUG:colcon.colcon_core.shell:Skip shell extension 'dsv' for command environment
[0.177s] DEBUG:colcon.colcon_core.event_handler.log_command:Invoking command in '/root/auto-sim/core_ws/build/core': CMAKE_PREFIX_PATH=/opt/ros/humble CONDA_PROMPT_MODIFIER=(base) /usr/bin/cmake /root/auto-sim/core_ws/src/core -DPython3_EXECUTABLE=/usr/bin/python3 -DPYTHON_EXECUTABLE=/usr/bin/python3 -DAMENT_CMAKE_SYMLINK_INSTALL=1 -DCMAKE_INSTALL_PREFIX=/root/auto-sim/core_ws/install/core
[1.395s] DEBUG:colcon.colcon_core.event_handler.log_command:Invoked command in '/root/auto-sim/core_ws/build/core' returned '0': CMAKE_PREFIX_PATH=/opt/ros/humble CONDA_PROMPT_MODIFIER=(base) /usr/bin/cmake /root/auto-sim/core_ws/src/core -DPython3_EXECUTABLE=/usr/bin/python3 -DPYTHON_EXECUTABLE=/usr/bin/python3 -DAMENT_CMAKE_SYMLINK_INSTALL=1 -DCMAKE_INSTALL_PREFIX=/root/auto-sim/core_ws/install/core
[1.396s] DEBUG:colcon.colcon_core.event_handler.log_command:Invoking command in '/root/auto-sim/core_ws/build/core': CMAKE_PREFIX_PATH=/opt/ros/humble CONDA_PROMPT_MODIFIER=(base) /usr/bin/cmake --build /root/auto-sim/core_ws/build/core -- -j14 -l14
[2.422s] DEBUG:colcon.colcon_core.event_handler.log_command:Invoked command in '/root/auto-sim/core_ws/build/core' returned '0': CMAKE_PREFIX_PATH=/opt/ros/humble CONDA_PROMPT_MODIFIER=(base) /usr/bin/cmake --build /root/auto-sim/core_ws/build/core -- -j14 -l14
[2.429s] DEBUG:colcon.colcon_core.event_handler.log_command:Invoking command in '/root/auto-sim/core_ws/build/core': CMAKE_PREFIX_PATH=/opt/ros/humble CONDA_PROMPT_MODIFIER=(base) /usr/bin/cmake --install /root/auto-sim/core_ws/build/core
[3.136s] Level 1:colcon.colcon_core.environment:create_environment_scripts_only(core)
[3.137s] DEBUG:colcon.colcon_core.event_handler.log_command:Invoked command in '/root/auto-sim/core_ws/build/core' returned '0': CMAKE_PREFIX_PATH=/opt/ros/humble CONDA_PROMPT_MODIFIER=(base) /usr/bin/cmake --install /root/auto-sim/core_ws/build/core
[3.138s] Level 1:colcon.colcon_core.environment:checking '/root/auto-sim/core_ws/install/core' for CMake module files
[3.138s] Level 1:colcon.colcon_core.environment:checking '/root/auto-sim/core_ws/install/core' for CMake config files
[3.138s] Level 1:colcon.colcon_core.shell:create_environment_hook('core', 'cmake_prefix_path')
[3.138s] INFO:colcon.colcon_core.shell:Creating environment hook '/root/auto-sim/core_ws/install/core/share/core/hook/cmake_prefix_path.ps1'
[3.139s] INFO:colcon.colcon_core.shell:Creating environment descriptor '/root/auto-sim/core_ws/install/core/share/core/hook/cmake_prefix_path.dsv'
[3.139s] INFO:colcon.colcon_core.shell:Creating environment hook '/root/auto-sim/core_ws/install/core/share/core/hook/cmake_prefix_path.sh'
[3.139s] Level 1:colcon.colcon_core.environment:checking '/root/auto-sim/core_ws/install/core/lib'
[3.140s] Level 1:colcon.colcon_core.shell:create_environment_hook('core', 'ld_library_path_lib')
[3.140s] INFO:colcon.colcon_core.shell:Creating environment hook '/root/auto-sim/core_ws/install/core/share/core/hook/ld_library_path_lib.ps1'
[3.140s] INFO:colcon.colcon_core.shell:Creating environment descriptor '/root/auto-sim/core_ws/install/core/share/core/hook/ld_library_path_lib.dsv'
[3.140s] INFO:colcon.colcon_core.shell:Creating environment hook '/root/auto-sim/core_ws/install/core/share/core/hook/ld_library_path_lib.sh'
[3.140s] Level 1:colcon.colcon_core.environment:checking '/root/auto-sim/core_ws/install/core/bin'
[3.140s] Level 1:colcon.colcon_core.environment:checking '/root/auto-sim/core_ws/install/core/lib/pkgconfig/core.pc'
[3.140s] Level 1:colcon.colcon_core.environment:checking '/root/auto-sim/core_ws/install/core/lib/python3.10/site-packages'
[3.140s] Level 1:colcon.colcon_core.environment:checking '/root/auto-sim/core_ws/install/core/bin'
[3.141s] INFO:colcon.colcon_core.shell:Creating package script '/root/auto-sim/core_ws/install/core/share/core/package.ps1'
[3.141s] INFO:colcon.colcon_core.shell:Creating package descriptor '/root/auto-sim/core_ws/install/core/share/core/package.dsv'
[3.141s] INFO:colcon.colcon_core.shell:Creating package script '/root/auto-sim/core_ws/install/core/share/core/package.sh'
[3.142s] INFO:colcon.colcon_core.shell:Creating package script '/root/auto-sim/core_ws/install/core/share/core/package.bash'
[3.142s] INFO:colcon.colcon_core.shell:Creating package script '/root/auto-sim/core_ws/install/core/share/core/package.zsh'
[3.142s] Level 1:colcon.colcon_core.environment:create_file_with_runtime_dependencies(/root/auto-sim/core_ws/install/core/share/colcon-core/packages/core)
[3.143s] Level 1:colcon.colcon_core.environment:create_environment_scripts_only(core)
[3.143s] Level 1:colcon.colcon_core.environment:checking '/root/auto-sim/core_ws/install/core' for CMake module files
[3.143s] Level 1:colcon.colcon_core.environment:checking '/root/auto-sim/core_ws/install/core' for CMake config files
[3.143s] Level 1:colcon.colcon_core.shell:create_environment_hook('core', 'cmake_prefix_path')
[3.143s] INFO:colcon.colcon_core.shell:Creating environment hook '/root/auto-sim/core_ws/install/core/share/core/hook/cmake_prefix_path.ps1'
[3.144s] INFO:colcon.colcon_core.shell:Creating environment descriptor '/root/auto-sim/core_ws/install/core/share/core/hook/cmake_prefix_path.dsv'
[3.144s] INFO:colcon.colcon_core.shell:Creating environment hook '/root/auto-sim/core_ws/install/core/share/core/hook/cmake_prefix_path.sh'
[3.144s] Level 1:colcon.colcon_core.environment:checking '/root/auto-sim/core_ws/install/core/lib'
[3.144s] Level 1:colcon.colcon_core.shell:create_environment_hook('core', 'ld_library_path_lib')
[3.144s] INFO:colcon.colcon_core.shell:Creating environment hook '/root/auto-sim/core_ws/install/core/share/core/hook/ld_library_path_lib.ps1'
[3.144s] INFO:colcon.colcon_core.shell:Creating environment descriptor '/root/auto-sim/core_ws/install/core/share/core/hook/ld_library_path_lib.dsv'
[3.144s] INFO:colcon.colcon_core.shell:Creating environment hook '/root/auto-sim/core_ws/install/core/share/core/hook/ld_library_path_lib.sh'
[3.145s] Level 1:colcon.colcon_core.environment:checking '/root/auto-sim/core_ws/install/core/bin'
[3.145s] Level 1:colcon.colcon_core.environment:checking '/root/auto-sim/core_ws/install/core/lib/pkgconfig/core.pc'
[3.145s] Level 1:colcon.colcon_core.environment:checking '/root/auto-sim/core_ws/install/core/lib/python3.10/site-packages'
[3.145s] Level 1:colcon.colcon_core.environment:checking '/root/auto-sim/core_ws/install/core/bin'
[3.145s] INFO:colcon.colcon_core.shell:Creating package script '/root/auto-sim/core_ws/install/core/share/core/package.ps1'
[3.145s] INFO:colcon.colcon_core.shell:Creating package descriptor '/root/auto-sim/core_ws/install/core/share/core/package.dsv'
[3.145s] INFO:colcon.colcon_core.shell:Creating package script '/root/auto-sim/core_ws/install/core/share/core/package.sh'
[3.146s] INFO:colcon.colcon_core.shell:Creating package script '/root/auto-sim/core_ws/install/core/share/core/package.bash'
[3.146s] INFO:colcon.colcon_core.shell:Creating package script '/root/auto-sim/core_ws/install/core/share/core/package.zsh'
[3.146s] Level 1:colcon.colcon_core.environment:create_file_with_runtime_dependencies(/root/auto-sim/core_ws/install/core/share/colcon-core/packages/core)
[3.146s] DEBUG:colcon.colcon_parallel_executor.executor.parallel:closing loop
[3.146s] DEBUG:colcon.colcon_parallel_executor.executor.parallel:loop closed
[3.147s] DEBUG:colcon.colcon_parallel_executor.executor.parallel:run_until_complete finished with '0'
[3.147s] DEBUG:colcon.colcon_core.event_reactor:joining thread
[3.149s] INFO:colcon.colcon_core.plugin_system:Skipping extension 'colcon_notification.desktop_notification.notify_send': Could not find 'notify-send'
[3.149s] INFO:colcon.colcon_core.plugin_system:Skipping extension 'colcon_notification.desktop_notification.terminal_notifier': Not used on non-Darwin systems
[3.149s] INFO:colcon.colcon_core.plugin_system:Skipping extension 'colcon_notification.desktop_notification.win32': Not used on non-Windows systems
[3.149s] INFO:colcon.colcon_notification.desktop_notification:Sending desktop notification using 'notify2'
[3.151s] DEBUG:colcon.colcon_notification.desktop_notification.notify2:Failed to initialize notify2: org.freedesktop.DBus.Error.Spawn.ExecFailed: /usr/bin/dbus-launch terminated abnormally without any error message
[3.151s] DEBUG:colcon.colcon_core.event_reactor:joined thread
[3.151s] INFO:colcon.colcon_core.shell:Creating prefix script '/root/auto-sim/core_ws/install/local_setup.ps1'
[3.152s] INFO:colcon.colcon_core.shell:Creating prefix util module '/root/auto-sim/core_ws/install/_local_setup_util_ps1.py'
[3.152s] INFO:colcon.colcon_core.shell:Creating prefix chain script '/root/auto-sim/core_ws/install/setup.ps1'
[3.153s] INFO:colcon.colcon_core.shell:Creating prefix script '/root/auto-sim/core_ws/install/local_setup.sh'
[3.153s] INFO:colcon.colcon_core.shell:Creating prefix util module '/root/auto-sim/core_ws/install/_local_setup_util_sh.py'
[3.153s] INFO:colcon.colcon_core.shell:Creating prefix chain script '/root/auto-sim/core_ws/install/setup.sh'
[3.154s] INFO:colcon.colcon_core.shell:Creating prefix script '/root/auto-sim/core_ws/install/local_setup.bash'
[3.154s] INFO:colcon.colcon_core.shell:Creating prefix chain script '/root/auto-sim/core_ws/install/setup.bash'
[3.154s] INFO:colcon.colcon_core.shell:Creating prefix script '/root/auto-sim/core_ws/install/local_setup.zsh'
[3.155s] INFO:colcon.colcon_core.shell:Creating prefix chain script '/root/auto-sim/core_ws/install/setup.zsh'
